2024-11-05T13:19:38.8740585Z Current runner version: '2.320.0'
2024-11-05T13:19:38.8746555Z Runner name: 'TNO'
2024-11-05T13:19:38.8746989Z Runner group name: 'Default'
2024-11-05T13:19:38.8747626Z Machine name: 'michiel-wf-runner'
2024-11-05T13:19:38.8764370Z Testing runner upgrade compatibility
2024-11-05T13:19:38.9618832Z ##[group]GITHUB_TOKEN Permissions
2024-11-05T13:19:38.9620833Z Contents: read
2024-11-05T13:19:38.9621140Z Metadata: read
2024-11-05T13:19:38.9621443Z Packages: read
2024-11-05T13:19:38.9621703Z ##[endgroup]
2024-11-05T13:19:38.9625753Z Secret source: Actions
2024-11-05T13:19:38.9626480Z Prepare workflow directory
2024-11-05T13:19:39.0792067Z Prepare all required actions
2024-11-05T13:19:39.0999832Z Getting action download info
2024-11-05T13:19:39.3378039Z Download action repository 'actions/checkout@v4' (SHA:11bd71901bbe5b1630ceea73d27597364c9af683)
2024-11-05T13:19:39.8893132Z Complete job name: prepare_vampi
2024-11-05T13:19:39.9980468Z ##[group]Run actions/checkout@v4
2024-11-05T13:19:39.9981086Z with:
2024-11-05T13:19:39.9981642Z   repository: silv3rshi3ld/WuppieFuzzCICD
2024-11-05T13:19:39.9982533Z   token: ***
2024-11-05T13:19:39.9982974Z   ssh-strict: true
2024-11-05T13:19:39.9983363Z   ssh-user: git
2024-11-05T13:19:39.9983879Z   persist-credentials: true
2024-11-05T13:19:39.9984367Z   clean: true
2024-11-05T13:19:39.9984774Z   sparse-checkout-cone-mode: true
2024-11-05T13:19:39.9985344Z   fetch-depth: 1
2024-11-05T13:19:39.9985787Z   fetch-tags: false
2024-11-05T13:19:39.9986189Z   show-progress: true
2024-11-05T13:19:39.9986687Z   lfs: false
2024-11-05T13:19:39.9987116Z   submodules: false
2024-11-05T13:19:39.9987534Z   set-safe-directory: true
2024-11-05T13:19:39.9988060Z env:
2024-11-05T13:19:39.9988439Z   DOCKER_NETWORK_NAME: cicd_network
2024-11-05T13:19:39.9988994Z   VAMPI_RESTLER_PORT: 5003
2024-11-05T13:19:39.9989534Z   VAMPI_WUPPIEFUZZ_PORT: 5002
2024-11-05T13:19:39.9990349Z   BASE_DIR: /home/michiel/actions-runner/_work/WuppieFuzzCICD/WuppieFuzzCICD
2024-11-05T13:19:39.9991117Z ##[endgroup]
2024-11-05T13:19:40.1466618Z Syncing repository: silv3rshi3ld/WuppieFuzzCICD
2024-11-05T13:19:40.1468459Z ##[group]Getting Git version info
2024-11-05T13:19:40.1469354Z Working directory is '/home/michiel/actions-runner/_work/WuppieFuzzCICD/WuppieFuzzCICD'
2024-11-05T13:19:40.1492116Z [command]/usr/bin/git version
2024-11-05T13:19:40.1492699Z git version 2.34.1
2024-11-05T13:19:40.1495732Z ##[endgroup]
2024-11-05T13:19:40.1508287Z Temporarily overriding HOME='/home/michiel/actions-runner/_work/_temp/91e47ddb-3e61-463e-a40a-1b97eeb0ab15' before making global git config changes
2024-11-05T13:19:40.1509738Z Adding repository directory to the temporary git global config as a safe directory
2024-11-05T13:19:40.1511085Z [command]/usr/bin/git config --global --add safe.directory /home/michiel/actions-runner/_work/WuppieFuzzCICD/WuppieFuzzCICD
2024-11-05T13:19:40.1536003Z [command]/usr/bin/git config --local --get remote.origin.url
2024-11-05T13:19:40.1553602Z https://github.com/silv3rshi3ld/WuppieFuzzCICD
2024-11-05T13:19:40.1571034Z ##[group]Removing previously created refs, to avoid conflicts
2024-11-05T13:19:40.1575900Z [command]/usr/bin/git rev-parse --symbolic-full-name --verify --quiet HEAD
2024-11-05T13:19:40.1593657Z refs/heads/main
2024-11-05T13:19:40.1604109Z [command]/usr/bin/git checkout --detach
2024-11-05T13:19:40.1636975Z HEAD is now at e75828f Refactor WuppieFuzz and VAmPI workflows to update Rust installation process
2024-11-05T13:19:40.1677443Z [command]/usr/bin/git branch --delete --force main
2024-11-05T13:19:40.1702198Z Deleted branch main (was e75828f).
2024-11-05T13:19:40.1740730Z ##[endgroup]
2024-11-05T13:19:40.1742445Z [command]/usr/bin/git submodule status
2024-11-05T13:19:40.1930864Z ##[group]Cleaning the repository
2024-11-05T13:19:40.1940246Z [command]/usr/bin/git clean -ffdx
2024-11-05T13:19:40.1966911Z Removing workspace/
2024-11-05T13:19:40.1967596Z Removing wuppiefuzz_workspace/
2024-11-05T13:19:40.1970350Z [command]/usr/bin/git reset --hard HEAD
2024-11-05T13:19:40.2003641Z HEAD is now at e75828f Refactor WuppieFuzz and VAmPI workflows to update Rust installation process
2024-11-05T13:19:40.2013733Z ##[endgroup]
2024-11-05T13:19:40.2014672Z ##[group]Disabling automatic garbage collection
2024-11-05T13:19:40.2019998Z [command]/usr/bin/git config --local gc.auto 0
2024-11-05T13:19:40.2070019Z ##[endgroup]
2024-11-05T13:19:40.2070707Z ##[group]Setting up auth
2024-11-05T13:19:40.2071597Z [command]/usr/bin/git config --local --name-only --get-regexp core\.sshCommand
2024-11-05T13:19:40.2095189Z [command]/usr/bin/git submodule foreach --recursive sh -c "git config --local --name-only --get-regexp 'core\.sshCommand' && git config --local --unset-all 'core.sshCommand' || :"
2024-11-05T13:19:40.2289379Z [command]/usr/bin/git config --local --name-only --get-regexp http\.https\:\/\/github\.com\/\.extraheader
2024-11-05T13:19:40.2315576Z [command]/usr/bin/git submodule foreach --recursive sh -c "git config --local --name-only --get-regexp 'http\.https\:\/\/github\.com\/\.extraheader' && git config --local --unset-all 'http.https://github.com/.extraheader' || :"
2024-11-05T13:19:40.2524435Z [command]/usr/bin/git config --local http.https://github.com/.extraheader AUTHORIZATION: basic ***
2024-11-05T13:19:40.2556390Z ##[endgroup]
2024-11-05T13:19:40.2557575Z ##[group]Fetching the repository
2024-11-05T13:19:40.2565297Z [command]/usr/bin/git -c protocol.version=2 fetch --no-tags --prune --no-recurse-submodules --depth=1 origin +e75828fe5f7b5d6ce61752c7983d441042bb3ef0:refs/remotes/origin/main
2024-11-05T13:19:40.6738800Z ##[endgroup]
2024-11-05T13:19:40.6739369Z ##[group]Determining the checkout info
2024-11-05T13:19:40.6739983Z ##[endgroup]
2024-11-05T13:19:40.6740565Z [command]/usr/bin/git sparse-checkout disable
2024-11-05T13:19:40.6769396Z [command]/usr/bin/git config --local --unset-all extensions.worktreeConfig
2024-11-05T13:19:40.6794694Z ##[group]Checking out the ref
2024-11-05T13:19:40.6799523Z [command]/usr/bin/git checkout --progress --force -B main refs/remotes/origin/main
2024-11-05T13:19:40.6835825Z Switched to a new branch 'main'
2024-11-05T13:19:40.6836920Z Branch 'main' set up to track remote branch 'main' from 'origin'.
2024-11-05T13:19:40.6845489Z ##[endgroup]
2024-11-05T13:19:40.6879342Z [command]/usr/bin/git log -1 --format=%H
2024-11-05T13:19:40.6900915Z e75828fe5f7b5d6ce61752c7983d441042bb3ef0
2024-11-05T13:19:40.7250045Z ##[group]Run docker-compose -f docker-compose.vampi.yml down --remove-orphans || true
2024-11-05T13:19:40.7251051Z [36;1mdocker-compose -f docker-compose.vampi.yml down --remove-orphans || true[0m
2024-11-05T13:19:40.7285190Z shell: /usr/bin/bash --noprofile --norc -e -o pipefail {0}
2024-11-05T13:19:40.7285685Z env:
2024-11-05T13:19:40.7285938Z   DOCKER_NETWORK_NAME: cicd_network
2024-11-05T13:19:40.7286316Z   VAMPI_RESTLER_PORT: 5003
2024-11-05T13:19:40.7286646Z   VAMPI_WUPPIEFUZZ_PORT: 5002
2024-11-05T13:19:40.7287181Z   BASE_DIR: /home/michiel/actions-runner/_work/WuppieFuzzCICD/WuppieFuzzCICD
2024-11-05T13:19:40.7287728Z ##[endgroup]
2024-11-05T13:19:40.7759745Z Warning: No resource found to remove for project "vampi".
2024-11-05T13:19:40.7816611Z ##[group]Run docker-compose -f docker-compose.vampi.yml build --force-rm
2024-11-05T13:19:40.7817407Z [36;1mdocker-compose -f docker-compose.vampi.yml build --force-rm[0m
2024-11-05T13:19:40.7847284Z shell: /usr/bin/bash --noprofile --norc -e -o pipefail {0}
2024-11-05T13:19:40.7847784Z env:
2024-11-05T13:19:40.7848064Z   DOCKER_NETWORK_NAME: cicd_network
2024-11-05T13:19:40.7848469Z   VAMPI_RESTLER_PORT: 5003
2024-11-05T13:19:40.7848809Z   VAMPI_WUPPIEFUZZ_PORT: 5002
2024-11-05T13:19:40.7849386Z   BASE_DIR: /home/michiel/actions-runner/_work/WuppieFuzzCICD/WuppieFuzzCICD
2024-11-05T13:19:40.7851257Z ##[endgroup]
2024-11-05T13:19:41.0875603Z #1 [vampi-secure internal] load .dockerignore
2024-11-05T13:19:41.0876276Z #1 transferring context: 95B done
2024-11-05T13:19:41.1002808Z #1 DONE 0.0s
2024-11-05T13:19:41.1011594Z 
2024-11-05T13:19:41.1012265Z #2 [vampi-secure internal] load build definition from Dockerfile
2024-11-05T13:19:41.1013223Z #2 transferring dockerfile: 471B 0.0s done
2024-11-05T13:19:41.1013762Z #2 DONE 0.0s
2024-11-05T13:19:41.1013929Z 
2024-11-05T13:19:41.1014379Z #3 [vampi-vulnerable-restler internal] load build definition from Dockerfile
2024-11-05T13:19:41.1015004Z #3 transferring dockerfile: 471B done
2024-11-05T13:19:41.1015394Z #3 DONE 0.0s
2024-11-05T13:19:41.1015556Z 
2024-11-05T13:19:41.1016048Z #4 [vampi-vulnerable-restler internal] load .dockerignore
2024-11-05T13:19:41.1016701Z #4 transferring context: 95B done
2024-11-05T13:19:41.1017452Z #4 DONE 0.0s
2024-11-05T13:19:41.1018122Z 
2024-11-05T13:19:41.1018853Z #5 [vampi-vulnerable-wuppiefuzz internal] load build definition from Dockerfile
2024-11-05T13:19:41.1019514Z #5 transferring dockerfile: 471B done
2024-11-05T13:19:41.1019926Z #5 DONE 0.0s
2024-11-05T13:19:41.1020091Z 
2024-11-05T13:19:41.1020413Z #6 [vampi-vulnerable-wuppiefuzz internal] load .dockerignore
2024-11-05T13:19:41.1020946Z #6 transferring context: 95B done
2024-11-05T13:19:41.1021326Z #6 DONE 0.0s
2024-11-05T13:19:41.1021496Z 
2024-11-05T13:19:41.1022174Z #7 [vampi-vulnerable-wuppiefuzz internal] load metadata for docker.io/library/python:3.11-alpine
2024-11-05T13:19:41.7895129Z #7 DONE 0.7s
2024-11-05T13:19:41.7975302Z 
2024-11-05T13:19:41.7977252Z #8 [vampi-vulnerable-wuppiefuzz internal] load build context
2024-11-05T13:19:41.7978591Z #8 transferring context: 926B done
2024-11-05T13:19:41.7979134Z #8 DONE 0.0s
2024-11-05T13:19:41.7979339Z 
2024-11-05T13:19:41.7980449Z #9 [vampi-secure builder 1/5] FROM docker.io/library/python:3.11-alpine@sha256:f089154eb2546de825151b9340a60d39e2ba986ab17aaffca14301b0b961a11c
2024-11-05T13:19:41.7983677Z #9 DONE 0.0s
2024-11-05T13:19:41.7984012Z 
2024-11-05T13:19:41.7984484Z #10 [vampi-vulnerable-wuppiefuzz builder 4/5] WORKDIR /vampi
2024-11-05T13:19:41.7985165Z #10 CACHED
2024-11-05T13:19:41.7985474Z 
2024-11-05T13:19:41.7986027Z #11 [vampi-vulnerable-wuppiefuzz stage-1 4/5] COPY --from=builder /usr/local/lib /usr/local/lib
2024-11-05T13:19:41.7987007Z #11 CACHED
2024-11-05T13:19:41.7987826Z 
2024-11-05T13:19:41.7988712Z #12 [vampi-vulnerable-wuppiefuzz stage-1 2/5] COPY . /vampi
2024-11-05T13:19:41.7989370Z #12 CACHED
2024-11-05T13:19:41.7989530Z 
2024-11-05T13:19:41.7990145Z #13 [vampi-vulnerable-wuppiefuzz builder 2/5] RUN apk --update add bash nano g++
2024-11-05T13:19:41.7990897Z #13 CACHED
2024-11-05T13:19:41.7991082Z 
2024-11-05T13:19:41.7991410Z #14 [vampi-vulnerable-wuppiefuzz builder 3/5] COPY . /vampi
2024-11-05T13:19:41.7994859Z #14 CACHED
2024-11-05T13:19:41.7995185Z 
2024-11-05T13:19:41.7995634Z #15 [vampi-vulnerable-wuppiefuzz stage-1 3/5] WORKDIR /vampi
2024-11-05T13:19:41.7996323Z #15 CACHED
2024-11-05T13:19:41.7996625Z 
2024-11-05T13:19:41.7997122Z #16 [vampi-vulnerable-wuppiefuzz builder 5/5] RUN pip install -r requirements.txt
2024-11-05T13:19:41.7997953Z #16 CACHED
2024-11-05T13:19:41.7998268Z 
2024-11-05T13:19:41.8000021Z #17 [vampi-vulnerable-wuppiefuzz stage-1 5/5] COPY --from=builder /usr/local/bin /usr/local/bin
2024-11-05T13:19:41.8000990Z #17 CACHED
2024-11-05T13:19:41.8001946Z 
2024-11-05T13:19:41.8002538Z #18 [vampi-vulnerable-restler internal] load build context
2024-11-05T13:19:41.8005228Z #18 transferring context: 926B done
2024-11-05T13:19:41.8005677Z #18 DONE 0.0s
2024-11-05T13:19:41.8005865Z 
2024-11-05T13:19:41.8006452Z #19 [vampi-vulnerable-wuppiefuzz] exporting to image
2024-11-05T13:19:41.8006995Z #19 exporting layers done
2024-11-05T13:19:41.8007765Z #19 writing image sha256:175808184784bde1d2350cb7f1e5960f16293795cac65a0dfcadde76548283f6 done
2024-11-05T13:19:41.8010259Z #19 naming to docker.io/library/vampi-vampi-vulnerable-wuppiefuzz done
2024-11-05T13:19:41.8011101Z #19 DONE 0.0s
2024-11-05T13:19:41.8011554Z 
2024-11-05T13:19:41.8011921Z #20 [vampi-secure internal] load build context
2024-11-05T13:19:41.8012711Z #20 transferring context: 926B done
2024-11-05T13:19:41.8013248Z #20 DONE 0.0s
2024-11-05T13:19:41.8013558Z 
2024-11-05T13:19:41.8014216Z #21 [vampi-vulnerable-restler] exporting to image
2024-11-05T13:19:41.8015372Z #21 exporting layers done
2024-11-05T13:19:41.8016321Z #21 writing image sha256:0cd924e8a639c05ffa31b8e8b63ae39f32a9b4535a6ce3f0620cec4402078550 done
2024-11-05T13:19:41.8018089Z #21 naming to docker.io/library/vampi-vampi-vulnerable-restler done
2024-11-05T13:19:41.8018895Z #21 DONE 0.0s
2024-11-05T13:19:41.8019132Z 
2024-11-05T13:19:41.8019531Z #22 [vampi-secure] exporting to image
2024-11-05T13:19:41.8020175Z #22 exporting layers done
2024-11-05T13:19:41.8021122Z #22 writing image sha256:ebccb55e48d541558738040fef4a06a1d82414b250148a7df2bf6735aa107ce3 done
2024-11-05T13:19:41.8022235Z #22 naming to docker.io/library/vampi-vampi-secure done
2024-11-05T13:19:41.8022858Z #22 DONE 0.0s
2024-11-05T13:19:41.8211039Z Post job cleanup.
2024-11-05T13:19:41.9440363Z [command]/usr/bin/git version
2024-11-05T13:19:41.9482462Z git version 2.34.1
2024-11-05T13:19:41.9531813Z Temporarily overriding HOME='/home/michiel/actions-runner/_work/_temp/e240f1cc-c470-44c9-a171-767a03bf655e' before making global git config changes
2024-11-05T13:19:41.9533578Z Adding repository directory to the temporary git global config as a safe directory
2024-11-05T13:19:41.9558209Z [command]/usr/bin/git config --global --add safe.directory /home/michiel/actions-runner/_work/WuppieFuzzCICD/WuppieFuzzCICD
2024-11-05T13:19:41.9600975Z [command]/usr/bin/git config --local --name-only --get-regexp core\.sshCommand
2024-11-05T13:19:41.9643706Z [command]/usr/bin/git submodule foreach --recursive sh -c "git config --local --name-only --get-regexp 'core\.sshCommand' && git config --local --unset-all 'core.sshCommand' || :"
2024-11-05T13:19:41.9871476Z [command]/usr/bin/git config --local --name-only --get-regexp http\.https\:\/\/github\.com\/\.extraheader
2024-11-05T13:19:41.9891743Z http.https://github.com/.extraheader
2024-11-05T13:19:41.9907520Z [command]/usr/bin/git config --local --unset-all http.https://github.com/.extraheader
2024-11-05T13:19:41.9941726Z [command]/usr/bin/git submodule foreach --recursive sh -c "git config --local --name-only --get-regexp 'http\.https\:\/\/github\.com\/\.extraheader' && git config --local --unset-all 'http.https://github.com/.extraheader' || :"
2024-11-05T13:19:42.0373032Z Cleaning up orphan processes
