2024-11-05T13:19:52.3970553Z Current runner version: '2.320.0'
2024-11-05T13:19:52.3977419Z Runner name: 'TNO'
2024-11-05T13:19:52.3977955Z Runner group name: 'Default'
2024-11-05T13:19:52.3978728Z Machine name: 'michiel-wf-runner'
2024-11-05T13:19:52.3998596Z Testing runner upgrade compatibility
2024-11-05T13:19:52.4794662Z ##[group]GITHUB_TOKEN Permissions
2024-11-05T13:19:52.4796678Z Contents: read
2024-11-05T13:19:52.4797065Z Metadata: read
2024-11-05T13:19:52.4797415Z Packages: read
2024-11-05T13:19:52.4797752Z ##[endgroup]
2024-11-05T13:19:52.4801472Z Secret source: Actions
2024-11-05T13:19:52.4802493Z Prepare workflow directory
2024-11-05T13:19:52.5935276Z Prepare all required actions
2024-11-05T13:19:52.6108615Z Getting action download info
2024-11-05T13:19:52.8634513Z Download action repository 'actions/checkout@v4' (SHA:11bd71901bbe5b1630ceea73d27597364c9af683)
2024-11-05T13:19:53.3304410Z Download action repository 'actions/cache@v4' (SHA:6849a6489940f00c2f30c0fb92c6274307ccb58a)
2024-11-05T13:19:53.9586273Z Download action repository 'actions/upload-artifact@v4' (SHA:b4b15b8c7c6ac21ea08fcf65892d2ee8f75cf882)
2024-11-05T13:19:54.6511206Z Complete job name: prepare_wuppiefuzz
2024-11-05T13:19:54.7422105Z ##[group]Run mkdir -p $RUNNER_TEMP/home
2024-11-05T13:19:54.7422656Z [36;1mmkdir -p $RUNNER_TEMP/home[0m
2024-11-05T13:19:54.7456555Z shell: /usr/bin/bash -e {0}
2024-11-05T13:19:54.7456944Z env:
2024-11-05T13:19:54.7457218Z   DOCKER_NETWORK_NAME: cicd_network
2024-11-05T13:19:54.7457703Z   VAMPI_RESTLER_PORT: 5003
2024-11-05T13:19:54.7458034Z   VAMPI_WUPPIEFUZZ_PORT: 5002
2024-11-05T13:19:54.7458569Z   BASE_DIR: /home/michiel/actions-runner/_work/WuppieFuzzCICD/WuppieFuzzCICD
2024-11-05T13:19:54.7459117Z ##[endgroup]
2024-11-05T13:19:54.7821445Z ##[group]Run echo "HOME=$RUNNER_TEMP/home" >> $GITHUB_ENV
2024-11-05T13:19:54.7822100Z [36;1mecho "HOME=$RUNNER_TEMP/home" >> $GITHUB_ENV[0m
2024-11-05T13:19:54.7852813Z shell: /usr/bin/bash -e {0}
2024-11-05T13:19:54.7853181Z env:
2024-11-05T13:19:54.7853453Z   DOCKER_NETWORK_NAME: cicd_network
2024-11-05T13:19:54.7853854Z   VAMPI_RESTLER_PORT: 5003
2024-11-05T13:19:54.7854198Z   VAMPI_WUPPIEFUZZ_PORT: 5002
2024-11-05T13:19:54.7854771Z   BASE_DIR: /home/michiel/actions-runner/_work/WuppieFuzzCICD/WuppieFuzzCICD
2024-11-05T13:19:54.7855346Z ##[endgroup]
2024-11-05T13:19:54.7939502Z ##[group]Run curl --proto '=https' --tlsv1.2 -sSf https://sh.rustup.rs | sh -s -- -y
2024-11-05T13:19:54.7940559Z [36;1mcurl --proto '=https' --tlsv1.2 -sSf https://sh.rustup.rs | sh -s -- -y[0m
2024-11-05T13:19:54.7941190Z [36;1mecho "$HOME/.cargo/bin" >> $GITHUB_PATH[0m
2024-11-05T13:19:54.7970766Z shell: /usr/bin/bash --noprofile --norc -e -o pipefail {0}
2024-11-05T13:19:54.7971276Z env:
2024-11-05T13:19:54.7971543Z   DOCKER_NETWORK_NAME: cicd_network
2024-11-05T13:19:54.7971922Z   VAMPI_RESTLER_PORT: 5003
2024-11-05T13:19:54.7972288Z   VAMPI_WUPPIEFUZZ_PORT: 5002
2024-11-05T13:19:54.7973004Z   BASE_DIR: /home/michiel/actions-runner/_work/WuppieFuzzCICD/WuppieFuzzCICD
2024-11-05T13:19:54.7973633Z   HOME: /home/michiel/actions-runner/_work/_temp/home
2024-11-05T13:19:54.7974065Z ##[endgroup]
2024-11-05T13:19:54.9336665Z info: downloading installer
2024-11-05T13:19:55.4997165Z error: $HOME differs from euid-obtained home directory: you may be using sudo
2024-11-05T13:19:55.4998338Z error: $HOME directory: /home/michiel/actions-runner/_work/_temp/home
2024-11-05T13:19:55.4999323Z error: euid-obtained home directory: /home/michiel
2024-11-05T13:19:55.7004170Z info: profile set to 'default'
2024-11-05T13:19:55.7005357Z info: default host triple is x86_64-unknown-linux-gnu
2024-11-05T13:19:55.7006286Z info: syncing channel updates for 'stable-x86_64-unknown-linux-gnu'
2024-11-05T13:19:55.8166079Z info: latest update on 2024-10-17, rust version 1.82.0 (f6e511eec 2024-10-15)
2024-11-05T13:19:55.8167396Z info: downloading component 'cargo'
2024-11-05T13:19:55.9504664Z info: downloading component 'clippy'
2024-11-05T13:19:55.9946848Z info: downloading component 'rust-docs'
2024-11-05T13:19:56.2867854Z info: downloading component 'rust-std'
2024-11-05T13:19:56.7069435Z info: downloading component 'rustc'
2024-11-05T13:19:58.5186789Z info: downloading component 'rustfmt'
2024-11-05T13:19:59.1852453Z info: installing component 'cargo'
2024-11-05T13:19:59.9458493Z info: installing component 'clippy'
2024-11-05T13:20:00.2547273Z info: installing component 'rust-docs'
2024-11-05T13:20:05.9962408Z info: installing component 'rust-std'
2024-11-05T13:20:08.8097082Z info: installing component 'rustc'
2024-11-05T13:20:14.9363712Z info: installing component 'rustfmt'
2024-11-05T13:20:15.3037859Z info: default toolchain set to 'stable-x86_64-unknown-linux-gnu'
2024-11-05T13:20:15.3038481Z 
2024-11-05T13:20:15.3167947Z   stable-x86_64-unknown-linux-gnu installed - rustc 1.82.0 (f6e511eec 2024-10-15)
2024-11-05T13:20:15.3169051Z 
2024-11-05T13:20:15.3170155Z 
2024-11-05T13:20:15.3215151Z Rust is installed now. Great!
2024-11-05T13:20:15.3215439Z 
2024-11-05T13:20:15.3216299Z To get started you may need to restart your current shell.
2024-11-05T13:20:15.3217299Z This would reload your PATH environment variable to include
2024-11-05T13:20:15.3218481Z Cargo's bin directory ($HOME/.cargo/bin).
2024-11-05T13:20:15.3219338Z 
2024-11-05T13:20:15.3219724Z To configure your current shell, you need to source
2024-11-05T13:20:15.3220236Z the corresponding env file under $HOME/.cargo.
2024-11-05T13:20:15.3223348Z 
2024-11-05T13:20:15.3225146Z This is usually done by running one of the following (note the leading DOT):
2024-11-05T13:20:15.3230346Z . "$HOME/.cargo/env"            # For sh/bash/zsh/ash/dash/pdksh
2024-11-05T13:20:15.3230950Z source "$HOME/.cargo/env.fish"  # For fish
2024-11-05T13:20:15.3309744Z ##[group]Run rustc --version
2024-11-05T13:20:15.3310153Z [36;1mrustc --version[0m
2024-11-05T13:20:15.3344651Z shell: /usr/bin/bash --noprofile --norc -e -o pipefail {0}
2024-11-05T13:20:15.3345184Z env:
2024-11-05T13:20:15.3345490Z   DOCKER_NETWORK_NAME: cicd_network
2024-11-05T13:20:15.3345955Z   VAMPI_RESTLER_PORT: 5003
2024-11-05T13:20:15.3346369Z   VAMPI_WUPPIEFUZZ_PORT: 5002
2024-11-05T13:20:15.3346987Z   BASE_DIR: /home/michiel/actions-runner/_work/WuppieFuzzCICD/WuppieFuzzCICD
2024-11-05T13:20:15.3347734Z   HOME: /home/michiel/actions-runner/_work/_temp/home
2024-11-05T13:20:15.3348237Z ##[endgroup]
2024-11-05T13:20:15.3887718Z rustc 1.82.0 (f6e511eec 2024-10-15)
2024-11-05T13:20:15.4096137Z ##[group]Run actions/checkout@v4
2024-11-05T13:20:15.4096576Z with:
2024-11-05T13:20:15.4096884Z   repository: TNO-S3/WuppieFuzz
2024-11-05T13:20:15.4097633Z   path: /home/michiel/actions-runner/_work/WuppieFuzzCICD/WuppieFuzzCICD/wuppiefuzz
2024-11-05T13:20:15.4098480Z   token: ***
2024-11-05T13:20:15.4098781Z   ssh-strict: true
2024-11-05T13:20:15.4099053Z   ssh-user: git
2024-11-05T13:20:15.4099334Z   persist-credentials: true
2024-11-05T13:20:15.4099657Z   clean: true
2024-11-05T13:20:15.4099991Z   sparse-checkout-cone-mode: true
2024-11-05T13:20:15.4100372Z   fetch-depth: 1
2024-11-05T13:20:15.4100639Z   fetch-tags: false
2024-11-05T13:20:15.4100966Z   show-progress: true
2024-11-05T13:20:15.4101304Z   lfs: false
2024-11-05T13:20:15.4101583Z   submodules: false
2024-11-05T13:20:15.4101911Z   set-safe-directory: true
2024-11-05T13:20:15.4102241Z env:
2024-11-05T13:20:15.4102482Z   DOCKER_NETWORK_NAME: cicd_network
2024-11-05T13:20:15.4102867Z   VAMPI_RESTLER_PORT: 5003
2024-11-05T13:20:15.4103262Z   VAMPI_WUPPIEFUZZ_PORT: 5002
2024-11-05T13:20:15.4103779Z   BASE_DIR: /home/michiel/actions-runner/_work/WuppieFuzzCICD/WuppieFuzzCICD
2024-11-05T13:20:15.4104417Z   HOME: /home/michiel/actions-runner/_work/_temp/home
2024-11-05T13:20:15.4104880Z ##[endgroup]
2024-11-05T13:20:15.5497876Z Syncing repository: TNO-S3/WuppieFuzz
2024-11-05T13:20:15.5500151Z ##[group]Getting Git version info
2024-11-05T13:20:15.5501200Z Working directory is '/home/michiel/actions-runner/_work/WuppieFuzzCICD/WuppieFuzzCICD/wuppiefuzz'
2024-11-05T13:20:15.5503476Z [command]/usr/bin/git version
2024-11-05T13:20:15.5504063Z git version 2.34.1
2024-11-05T13:20:15.5520300Z ##[endgroup]
2024-11-05T13:20:15.5537690Z Temporarily overriding HOME='/home/michiel/actions-runner/_work/_temp/71207a5f-511c-486e-8594-76a6ce487596' before making global git config changes
2024-11-05T13:20:15.5539172Z Adding repository directory to the temporary git global config as a safe directory
2024-11-05T13:20:15.5546030Z [command]/usr/bin/git config --global --add safe.directory /home/michiel/actions-runner/_work/WuppieFuzzCICD/WuppieFuzzCICD/wuppiefuzz
2024-11-05T13:20:15.5588869Z ##[group]Initializing the repository
2024-11-05T13:20:15.5595234Z [command]/usr/bin/git init /home/michiel/actions-runner/_work/WuppieFuzzCICD/WuppieFuzzCICD/wuppiefuzz
2024-11-05T13:20:15.5653089Z hint: Using 'master' as the name for the initial branch. This default branch name
2024-11-05T13:20:15.5654327Z hint: is subject to change. To configure the initial branch name to use in all
2024-11-05T13:20:15.5655546Z hint: of your new repositories, which will suppress this warning, call:
2024-11-05T13:20:15.5656399Z hint: 
2024-11-05T13:20:15.5657346Z hint: 	git config --global init.defaultBranch <name>
2024-11-05T13:20:15.5658197Z hint: 
2024-11-05T13:20:15.5659263Z hint: Names commonly chosen instead of 'master' are 'main', 'trunk' and
2024-11-05T13:20:15.5660394Z hint: 'development'. The just-created branch can be renamed via this command:
2024-11-05T13:20:15.5661349Z hint: 
2024-11-05T13:20:15.5662471Z hint: 	git branch -m <name>
2024-11-05T13:20:15.5663848Z Initialized empty Git repository in /home/michiel/actions-runner/_work/WuppieFuzzCICD/WuppieFuzzCICD/wuppiefuzz/.git/
2024-11-05T13:20:15.5677868Z [command]/usr/bin/git remote add origin https://github.com/TNO-S3/WuppieFuzz
2024-11-05T13:20:15.5713142Z ##[endgroup]
2024-11-05T13:20:15.5714174Z ##[group]Disabling automatic garbage collection
2024-11-05T13:20:15.5720869Z [command]/usr/bin/git config --local gc.auto 0
2024-11-05T13:20:15.5778416Z ##[endgroup]
2024-11-05T13:20:15.5779244Z ##[group]Setting up auth
2024-11-05T13:20:15.5801987Z [command]/usr/bin/git config --local --name-only --get-regexp core\.sshCommand
2024-11-05T13:20:15.5820705Z [command]/usr/bin/git submodule foreach --recursive sh -c "git config --local --name-only --get-regexp 'core\.sshCommand' && git config --local --unset-all 'core.sshCommand' || :"
2024-11-05T13:20:15.6033529Z [command]/usr/bin/git config --local --name-only --get-regexp http\.https\:\/\/github\.com\/\.extraheader
2024-11-05T13:20:15.6059105Z [command]/usr/bin/git submodule foreach --recursive sh -c "git config --local --name-only --get-regexp 'http\.https\:\/\/github\.com\/\.extraheader' && git config --local --unset-all 'http.https://github.com/.extraheader' || :"
2024-11-05T13:20:15.6262191Z [command]/usr/bin/git config --local http.https://github.com/.extraheader AUTHORIZATION: basic ***
2024-11-05T13:20:15.6330711Z ##[endgroup]
2024-11-05T13:20:15.6331808Z ##[group]Determining the default branch
2024-11-05T13:20:15.6332893Z Retrieving the default branch name
2024-11-05T13:20:15.9442549Z Default branch 'main'
2024-11-05T13:20:15.9662172Z ##[endgroup]
2024-11-05T13:20:15.9666929Z ##[group]Fetching the repository
2024-11-05T13:20:15.9668479Z [command]/usr/bin/git -c protocol.version=2 fetch --no-tags --prune --no-recurse-submodules --depth=1 origin +refs/heads/main:refs/remotes/origin/main
2024-11-05T13:20:16.6184303Z From https://github.com/TNO-S3/WuppieFuzz
2024-11-05T13:20:16.6197186Z  * [new branch]      main       -> origin/main
2024-11-05T13:20:16.6200903Z ##[endgroup]
2024-11-05T13:20:16.6201798Z ##[group]Determining the checkout info
2024-11-05T13:20:16.6203125Z ##[endgroup]
2024-11-05T13:20:16.6203952Z [command]/usr/bin/git sparse-checkout disable
2024-11-05T13:20:16.6245699Z [command]/usr/bin/git config --local --unset-all extensions.worktreeConfig
2024-11-05T13:20:16.6275466Z ##[group]Checking out the ref
2024-11-05T13:20:16.6284976Z [command]/usr/bin/git checkout --progress --force -B main refs/remotes/origin/main
2024-11-05T13:20:16.6423205Z Switched to a new branch 'main'
2024-11-05T13:20:16.6424387Z Branch 'main' set up to track remote branch 'main' from 'origin'.
2024-11-05T13:20:16.6428499Z ##[endgroup]
2024-11-05T13:20:16.6469926Z [command]/usr/bin/git log -1 --format=%H
2024-11-05T13:20:16.6495964Z 6b940ae7cbe40c50a2860857d74d4f32ca3c7550
2024-11-05T13:20:16.7653245Z ##[group]Run actions/cache@v4
2024-11-05T13:20:16.7653649Z with:
2024-11-05T13:20:16.7654129Z   path: $RUNNER_TEMP/cargo/registry
$RUNNER_TEMP/cargo/git

2024-11-05T13:20:16.7654941Z   key: Linux-cargo-registry-46b3be30835843594abac02bb34af0b541170481d51b514067375a74c9c9eb28
2024-11-05T13:20:16.7655686Z   restore-keys: Linux-cargo-registry-

2024-11-05T13:20:16.7656084Z   enableCrossOsArchive: false
2024-11-05T13:20:16.7656421Z   fail-on-cache-miss: false
2024-11-05T13:20:16.7656746Z   lookup-only: false
2024-11-05T13:20:16.7657047Z   save-always: false
2024-11-05T13:20:16.7657313Z env:
2024-11-05T13:20:16.7657555Z   DOCKER_NETWORK_NAME: cicd_network
2024-11-05T13:20:16.7657923Z   VAMPI_RESTLER_PORT: 5003
2024-11-05T13:20:16.7658245Z   VAMPI_WUPPIEFUZZ_PORT: 5002
2024-11-05T13:20:16.7658801Z   BASE_DIR: /home/michiel/actions-runner/_work/WuppieFuzzCICD/WuppieFuzzCICD
2024-11-05T13:20:16.7659435Z   HOME: /home/michiel/actions-runner/_work/_temp/home
2024-11-05T13:20:16.7659899Z ##[endgroup]
2024-11-05T13:20:17.3724256Z Cache not found for input keys: Linux-cargo-registry-46b3be30835843594abac02bb34af0b541170481d51b514067375a74c9c9eb28, Linux-cargo-registry-
2024-11-05T13:20:17.4602994Z ##[group]Run actions/cache@v4
2024-11-05T13:20:17.4603415Z with:
2024-11-05T13:20:17.4603974Z   path: /home/michiel/actions-runner/_work/WuppieFuzzCICD/WuppieFuzzCICD/wuppiefuzz/target
2024-11-05T13:20:17.4604996Z   key: wuppiefuzz-target-46b3be30835843594abac02bb34af0b541170481d51b514067375a74c9c9eb28
2024-11-05T13:20:17.4605750Z   restore-keys: wuppiefuzz-target-

2024-11-05T13:20:17.4606159Z   enableCrossOsArchive: false
2024-11-05T13:20:17.4606530Z   fail-on-cache-miss: false
2024-11-05T13:20:17.4606866Z   lookup-only: false
2024-11-05T13:20:17.4607156Z   save-always: false
2024-11-05T13:20:17.4607468Z env:
2024-11-05T13:20:17.4607725Z   DOCKER_NETWORK_NAME: cicd_network
2024-11-05T13:20:17.4608102Z   VAMPI_RESTLER_PORT: 5003
2024-11-05T13:20:17.4608439Z   VAMPI_WUPPIEFUZZ_PORT: 5002
2024-11-05T13:20:17.4608998Z   BASE_DIR: /home/michiel/actions-runner/_work/WuppieFuzzCICD/WuppieFuzzCICD
2024-11-05T13:20:17.4609868Z   HOME: /home/michiel/actions-runner/_work/_temp/home
2024-11-05T13:20:17.4610486Z ##[endgroup]
2024-11-05T13:20:18.1058536Z Cache not found for input keys: wuppiefuzz-target-46b3be30835843594abac02bb34af0b541170481d51b514067375a74c9c9eb28, wuppiefuzz-target-
2024-11-05T13:20:18.1179999Z ##[group]Run cargo build --release
2024-11-05T13:20:18.1180445Z [36;1mcargo build --release[0m
2024-11-05T13:20:18.1210979Z shell: /usr/bin/bash --noprofile --norc -e -o pipefail {0}
2024-11-05T13:20:18.1211454Z env:
2024-11-05T13:20:18.1211709Z   DOCKER_NETWORK_NAME: cicd_network
2024-11-05T13:20:18.1212082Z   VAMPI_RESTLER_PORT: 5003
2024-11-05T13:20:18.1212414Z   VAMPI_WUPPIEFUZZ_PORT: 5002
2024-11-05T13:20:18.1213001Z   BASE_DIR: /home/michiel/actions-runner/_work/WuppieFuzzCICD/WuppieFuzzCICD
2024-11-05T13:20:18.1213674Z   HOME: /home/michiel/actions-runner/_work/_temp/home
2024-11-05T13:20:18.1214111Z ##[endgroup]
2024-11-05T13:20:18.2077290Z     Updating crates.io index
2024-11-05T13:20:21.2570866Z  Downloading crates ...
2024-11-05T13:20:21.3490918Z   Downloaded anstyle v1.0.8
2024-11-05T13:20:21.3537906Z   Downloaded adler v1.0.2
2024-11-05T13:20:21.3578238Z   Downloaded foreign-types v0.3.2
2024-11-05T13:20:21.3597100Z   Downloaded anstyle-query v1.1.1
2024-11-05T13:20:21.3632979Z   Downloaded embedded-io v0.6.1
2024-11-05T13:20:21.3697697Z   Downloaded hostname v0.4.0
2024-11-05T13:20:21.3806316Z   Downloaded typewit_proc_macros v1.8.1
2024-11-05T13:20:21.3888643Z   Downloaded num-traits v0.2.19
2024-11-05T13:20:21.4025128Z   Downloaded once_cell v1.19.0
2024-11-05T13:20:21.4085378Z   Downloaded powerfmt v0.2.0
2024-11-05T13:20:21.4111102Z   Downloaded num v0.4.3
2024-11-05T13:20:21.4131174Z   Downloaded typed-builder-macro v0.18.2
2024-11-05T13:20:21.4153061Z   Downloaded tuple_list v0.1.3
2024-11-05T13:20:21.4170311Z   Downloaded strsim v0.11.1
2024-11-05T13:20:21.4199082Z   Downloaded hyper-util v0.1.8
2024-11-05T13:20:21.4289321Z   Downloaded mime v0.3.17
2024-11-05T13:20:21.4314399Z   Downloaded kv-log-macro v1.0.7
2024-11-05T13:20:21.4442793Z   Downloaded json_env_logger2 v0.2.1
2024-11-05T13:20:21.4529081Z   Downloaded ppv-lite86 v0.2.20
2024-11-05T13:20:21.4627345Z   Downloaded rand_chacha v0.3.1
2024-11-05T13:20:21.4701863Z   Downloaded openssl-probe v0.1.5
2024-11-05T13:20:21.4756588Z   Downloaded num_enum_derive v0.7.3
2024-11-05T13:20:21.4802213Z   Downloaded serde_derive v1.0.210
2024-11-05T13:20:21.4875424Z   Downloaded openssl-sys v0.9.103
2024-11-05T13:20:21.4993875Z   Downloaded publicsuffix v2.2.3
2024-11-05T13:20:21.5063643Z   Downloaded thiserror-impl v1.0.63
2024-11-05T13:20:21.5104917Z   Downloaded scc v2.1.17
2024-11-05T13:20:21.5217854Z   Downloaded serde_json v1.0.128
2024-11-05T13:20:21.5367345Z   Downloaded nix v0.29.0
2024-11-05T13:20:21.5609373Z   Downloaded rustls-webpki v0.102.8
2024-11-05T13:20:21.5983768Z   Downloaded openapiv3-extended v6.0.0
2024-11-05T13:20:21.6236046Z   Downloaded miniz_oxide v0.7.4
2024-11-05T13:20:21.6282942Z   Downloaded regex v1.10.6
2024-11-05T13:20:21.6548093Z   Downloaded indicatif v0.17.8
2024-11-05T13:20:21.6622227Z   Downloaded object v0.32.2
2024-11-05T13:20:21.6829337Z   Downloaded rustls v0.23.13
2024-11-05T13:20:21.7064407Z   Downloaded toml_edit v0.22.21
2024-11-05T13:20:21.7517025Z   Downloaded mio v1.0.2
2024-11-05T13:20:21.7625721Z   Downloaded winnow v0.6.18
2024-11-05T13:20:21.7787893Z   Downloaded unicode-normalization v0.1.23
2024-11-05T13:20:21.7855556Z   Downloaded ratatui v0.26.3
2024-11-05T13:20:21.8156804Z   Downloaded libafl_bolts v0.13.2
2024-11-05T13:20:21.8233969Z   Downloaded zerocopy v0.7.35
2024-11-05T13:20:21.8514234Z   Downloaded libm v0.2.8
2024-11-05T13:20:21.8664861Z   Downloaded itertools v0.13.0
2024-11-05T13:20:21.8787489Z   Downloaded vcpkg v0.2.15
2024-11-05T13:20:21.9531899Z   Downloaded syn v1.0.109
2024-11-05T13:20:21.9703869Z   Downloaded regex-automata v0.4.7
2024-11-05T13:20:21.9981030Z   Downloaded syn v2.0.77
2024-11-05T13:20:22.0162015Z   Downloaded csv v1.3.0
2024-11-05T13:20:22.0496610Z   Downloaded libafl v0.13.2
2024-11-05T13:20:22.0733842Z   Downloaded itertools v0.12.1
2024-11-05T13:20:22.0845913Z   Downloaded tokio-util v0.7.12
2024-11-05T13:20:22.0957072Z   Downloaded time v0.3.36
2024-11-05T13:20:22.1072778Z   Downloaded rustix v0.38.37
2024-11-05T13:20:22.1459558Z   Downloaded unicode-width v0.1.13
2024-11-05T13:20:22.1601032Z   Downloaded regex-syntax v0.8.4
2024-11-05T13:20:22.1732770Z   Downloaded petgraph v0.6.5
2024-11-05T13:20:22.2003803Z   Downloaded log v0.4.22
2024-11-05T13:20:22.2043590Z   Downloaded unicode-segmentation v1.12.0
2024-11-05T13:20:22.2100554Z   Downloaded tracing-core v0.1.32
2024-11-05T13:20:22.2145674Z   Downloaded encoding_rs v0.8.34
2024-11-05T13:20:22.2500996Z   Downloaded tower v0.4.13
2024-11-05T13:20:22.2659699Z   Downloaded tinyvec v1.8.0
2024-11-05T13:20:22.2706466Z   Downloaded native-tls v0.2.12
2024-11-05T13:20:22.2740246Z   Downloaded mio v0.8.11
2024-11-05T13:20:22.2833772Z   Downloaded memchr v2.7.4
2024-11-05T13:20:22.2920799Z   Downloaded zerocopy-derive v0.7.35
2024-11-05T13:20:22.2992446Z   Downloaded unicode-bidi v0.3.15
2024-11-05T13:20:22.3034450Z   Downloaded uds v0.4.2
2024-11-05T13:20:22.3072017Z   Downloaded typewit v1.9.0
2024-11-05T13:20:22.3129735Z   Downloaded xxhash-rust v0.8.12
2024-11-05T13:20:22.3156393Z   Downloaded libc v0.2.158
2024-11-05T13:20:22.3620698Z   Downloaded tokio v1.40.0
2024-11-05T13:20:22.4274118Z   Downloaded value-bag v1.9.0
2024-11-05T13:20:22.4315276Z   Downloaded unicode-xid v0.2.5
2024-11-05T13:20:22.4337610Z   Downloaded walkdir v2.5.0
2024-11-05T13:20:22.4366614Z   Downloaded utf8parse v0.2.2
2024-11-05T13:20:22.4383321Z   Downloaded url v2.5.2
2024-11-05T13:20:22.4430107Z   Downloaded memoffset v0.9.1
2024-11-05T13:20:22.4450212Z   Downloaded lru v0.12.4
2024-11-05T13:20:22.4469251Z   Downloaded linked-hash-map v0.5.6
2024-11-05T13:20:22.4487994Z   Downloaded lcov v0.8.1
2024-11-05T13:20:22.4532533Z   Downloaded lazy_static v1.5.0
2024-11-05T13:20:22.4559339Z   Downloaded itoa v1.0.11
2024-11-05T13:20:22.4582248Z   Downloaded iter-read v1.1.0
2024-11-05T13:20:22.4603250Z   Downloaded spdx v0.10.6
2024-11-05T13:20:22.5443728Z   Downloaded wait-timeout v0.2.0
2024-11-05T13:20:22.5465812Z   Downloaded untrusted v0.9.0
2024-11-05T13:20:22.5487960Z   Downloaded tracing v0.1.40
2024-11-05T13:20:22.5551984Z   Downloaded thiserror v1.0.63
2024-11-05T13:20:22.5629720Z   Downloaded porter-stemmer v0.1.2
2024-11-05T13:20:22.5675617Z   Downloaded portable-atomic v1.7.0
2024-11-05T13:20:22.5768585Z   Downloaded libafl_derive v0.13.2
2024-11-05T13:20:22.5779426Z   Downloaded unicode-truncate v1.1.0
2024-11-05T13:20:22.5801244Z   Downloaded toml_datetime v0.6.8
2024-11-05T13:20:22.5818260Z   Downloaded serde v1.0.210
2024-11-05T13:20:22.5868408Z   Downloaded meminterval v0.4.1
2024-11-05T13:20:22.5880689Z   Downloaded is_terminal_polyfill v1.70.1
2024-11-05T13:20:22.5902894Z   Downloaded want v0.3.1
2024-11-05T13:20:22.5918685Z   Downloaded urlencoding v2.1.3
2024-11-05T13:20:22.5934835Z   Downloaded indexmap v2.5.0
2024-11-05T13:20:22.5999788Z   Downloaded semver v1.0.23
2024-11-05T13:20:22.6035794Z   Downloaded typed-builder v0.18.2
2024-11-05T13:20:22.6061850Z   Downloaded try-lock v0.2.5
2024-11-05T13:20:22.6074455Z   Downloaded spin v0.9.8
2024-11-05T13:20:22.6109986Z   Downloaded signal-hook v0.3.17
2024-11-05T13:20:22.6160071Z   Downloaded num_enum v0.7.3
2024-11-05T13:20:22.6241961Z   Downloaded num-rational v0.4.2
2024-11-05T13:20:22.6262599Z   Downloaded num-iter v0.1.45
2024-11-05T13:20:22.6278622Z   Downloaded num-integer v0.1.46
2024-11-05T13:20:22.6302148Z   Downloaded num-derive v0.4.2
2024-11-05T13:20:22.6328514Z   Downloaded num-complex v0.4.6
2024-11-05T13:20:22.6352008Z   Downloaded serde_yaml v0.8.26
2024-11-05T13:20:22.6390507Z   Downloaded serde_urlencoded v0.7.1
2024-11-05T13:20:22.6415886Z   Downloaded sdd v3.0.3
2024-11-05T13:20:22.6452033Z   Downloaded same-file v1.0.6
2024-11-05T13:20:22.6472065Z   Downloaded ryu v1.0.18
2024-11-05T13:20:22.6520929Z   Downloaded rustversion v1.0.17
2024-11-05T13:20:22.6561238Z   Downloaded rustls-pki-types v1.8.0
2024-11-05T13:20:22.6593644Z   Downloaded rand_regex v0.17.0
2024-11-05T13:20:22.6617706Z   Downloaded rand v0.8.5
2024-11-05T13:20:22.6674839Z   Downloaded parking_lot v0.12.3
2024-11-05T13:20:22.6712047Z   Downloaded yaml-rust v0.4.5
2024-11-05T13:20:22.6752906Z   Downloaded uuid v1.10.0
2024-11-05T13:20:22.6796031Z   Downloaded typeid v1.0.2
2024-11-05T13:20:22.6819106Z   Downloaded tokio-native-tls v0.3.1
2024-11-05T13:20:22.6848074Z   Downloaded linux-raw-sys v0.4.14
2024-11-05T13:20:22.7637095Z   Downloaded subtle v2.6.1
2024-11-05T13:20:22.7654894Z   Downloaded openssl-macros v0.1.1
2024-11-05T13:20:22.7664382Z   Downloaded number_prefix v0.4.0
2024-11-05T13:20:22.7677757Z   Downloaded num-conv v0.1.0
2024-11-05T13:20:22.7689856Z   Downloaded shlex v1.3.0
2024-11-05T13:20:22.7708938Z   Downloaded serial_test_derive v3.1.1
2024-11-05T13:20:22.7719043Z   Downloaded serial_test v3.1.1
2024-11-05T13:20:22.7739226Z   Downloaded serde_spanned v0.6.7
2024-11-05T13:20:22.7754353Z   Downloaded scopeguard v1.2.0
2024-11-05T13:20:22.7772699Z   Downloaded rand_core v0.6.4
2024-11-05T13:20:22.7793781Z   Downloaded psl-types v2.0.11
2024-11-05T13:20:22.7811772Z   Downloaded pkg-config v0.3.30
2024-11-05T13:20:22.7834633Z   Downloaded pin-project-internal v1.1.5
2024-11-05T13:20:22.7859438Z   Downloaded pin-project v1.1.5
2024-11-05T13:20:22.8050947Z   Downloaded percent-encoding v2.3.1
2024-11-05T13:20:22.8062378Z   Downloaded paste v1.0.15
2024-11-05T13:20:22.8108841Z   Downloaded rusqlite v0.31.0
2024-11-05T13:20:22.8212997Z   Downloaded reqwest v0.12.7
2024-11-05T13:20:22.8336583Z   Downloaded time-core v0.1.2
2024-11-05T13:20:22.8347680Z   Downloaded stability v0.2.1
2024-11-05T13:20:22.8363277Z   Downloaded quote v1.0.37
2024-11-05T13:20:22.8402496Z   Downloaded proc-macro2 v1.0.86
2024-11-05T13:20:22.8447352Z   Downloaded pin-utils v0.1.0
2024-11-05T13:20:22.8464016Z   Downloaded parking_lot_core v0.9.10
2024-11-05T13:20:22.8496084Z   Downloaded rustls-pemfile v2.1.3
2024-11-05T13:20:22.8531664Z   Downloaded rustc-demangle v0.1.21
2024-11-05T13:20:22.8555223Z   Downloaded reqwest_cookie_store v0.7.0
2024-11-05T13:20:22.8570931Z   Downloaded lock_api v0.4.12
2024-11-05T13:20:22.8591850Z   Downloaded ipnet v2.10.0
2024-11-05T13:20:22.8614182Z   Downloaded unicode-ident v1.0.13
2024-11-05T13:20:22.8660562Z   Downloaded tower-service v0.3.3
2024-11-05T13:20:22.8671064Z   Downloaded toml v0.8.19
2024-11-05T13:20:22.8718670Z   Downloaded strum v0.26.3
2024-11-05T13:20:22.8731055Z   Downloaded postcard v1.0.10
2024-11-05T13:20:22.8764664Z   Downloaded pin-project-lite v0.2.14
2024-11-05T13:20:22.8841692Z   Downloaded openssl v0.10.66
2024-11-05T13:20:22.8994477Z   Downloaded version_check v0.9.5
2024-11-05T13:20:22.9011960Z   Downloaded tower-layer v0.3.3
2024-11-05T13:20:22.9025057Z   Downloaded tinyvec_macros v0.1.1
2024-11-05T13:20:22.9036195Z   Downloaded tempfile v3.12.0
2024-11-05T13:20:22.9075527Z   Downloaded sync_wrapper v1.0.1
2024-11-05T13:20:22.9087523Z   Downloaded socket2 v0.5.7
2024-11-05T13:20:22.9151123Z   Downloaded signal-hook-registry v1.4.2
2024-11-05T13:20:22.9168177Z   Downloaded idna v0.5.0
2024-11-05T13:20:22.9293469Z   Downloaded idna v0.3.0
2024-11-05T13:20:22.9414738Z   Downloaded h2 v0.4.6
2024-11-05T13:20:22.9530170Z   Downloaded zeroize v1.8.1
2024-11-05T13:20:22.9550316Z   Downloaded tokio-rustls v0.26.0
2024-11-05T13:20:22.9581311Z   Downloaded strum_macros v0.26.4
2024-11-05T13:20:22.9618312Z   Downloaded hyper v1.4.1
2024-11-05T13:20:22.9730176Z   Downloaded hashbrown v0.12.3
2024-11-05T13:20:22.9795935Z   Downloaded time-macros v0.2.18
2024-11-05T13:20:22.9828604Z   Downloaded static_assertions v1.1.0
2024-11-05T13:20:22.9850873Z   Downloaded smallvec v1.13.2
2024-11-05T13:20:22.9883029Z   Downloaded slab v0.4.9
2024-11-05T13:20:22.9902876Z   Downloaded signal-hook-mio v0.2.4
2024-11-05T13:20:22.9925274Z   Downloaded chrono v0.4.38
2024-11-05T13:20:23.0043610Z   Downloaded hashlink v0.9.1
2024-11-05T13:20:23.0071820Z   Downloaded gimli v0.28.1
2024-11-05T13:20:23.0204601Z   Downloaded getrandom v0.2.15
2024-11-05T13:20:23.0252888Z   Downloaded ctrlc v3.4.5
2024-11-05T13:20:23.0282210Z   Downloaded cookie_store v0.20.0
2024-11-05T13:20:23.0345313Z   Downloaded const_format v0.2.33
2024-11-05T13:20:23.0428296Z   Downloaded clap_builder v4.5.17
2024-11-05T13:20:23.0534849Z   Downloaded hyper-tls v0.6.0
2024-11-05T13:20:23.0555070Z   Downloaded humantime v2.1.0
2024-11-05T13:20:23.0578176Z   Downloaded http-body-util v0.1.2
2024-11-05T13:20:23.0605784Z   Downloaded http-body v1.0.1
2024-11-05T13:20:23.0620557Z   Downloaded heck v0.5.0
2024-11-05T13:20:23.0640488Z   Downloaded getopts v0.2.21
2024-11-05T13:20:23.0660816Z   Downloaded futures-task v0.3.30
2024-11-05T13:20:23.0678181Z   Downloaded futures-sink v0.3.30
2024-11-05T13:20:23.0689994Z   Downloaded futures-core v0.3.30
2024-11-05T13:20:23.0709543Z   Downloaded futures-channel v0.3.30
2024-11-05T13:20:23.0737905Z   Downloaded fnv v1.0.7
2024-11-05T13:20:23.0750944Z   Downloaded fastrand v2.1.1
2024-11-05T13:20:23.0770917Z   Downloaded fallible-streaming-iterator v0.1.9
2024-11-05T13:20:23.0784401Z   Downloaded env_logger v0.11.5
2024-11-05T13:20:23.0822677Z   Downloaded env_filter v0.1.2
2024-11-05T13:20:23.0847298Z   Downloaded embedded-io v0.4.0
2024-11-05T13:20:23.0872372Z   Downloaded either v1.13.0
2024-11-05T13:20:23.0893405Z   Downloaded cookie_store v0.21.0
2024-11-05T13:20:23.0922016Z   Downloaded cookie v0.17.0
2024-11-05T13:20:23.0958372Z   Downloaded const_panic v0.2.9
2024-11-05T13:20:23.1009284Z   Downloaded cesu8 v1.1.0
2024-11-05T13:20:23.1021688Z   Downloaded castaway v0.2.3
2024-11-05T13:20:23.1041599Z   Downloaded http v1.1.0
2024-11-05T13:20:23.1108734Z   Downloaded hashbrown v0.14.5
2024-11-05T13:20:23.1194912Z   Downloaded futures-util v0.3.30
2024-11-05T13:20:23.1395744Z   Downloaded foreign-types-shared v0.1.1
2024-11-05T13:20:23.1404724Z   Downloaded errno v0.3.9
2024-11-05T13:20:23.1426326Z   Downloaded equivalent v1.0.1
2024-11-05T13:20:23.1438528Z   Downloaded ctor v0.2.8
2024-11-05T13:20:23.1454625Z   Downloaded crossterm v0.27.0
2024-11-05T13:20:23.1567168Z   Downloaded console v0.15.8
2024-11-05T13:20:23.1613264Z   Downloaded colorchoice v1.0.2
2024-11-05T13:20:23.1628650Z   Downloaded cobs v0.2.3
2024-11-05T13:20:23.1647658Z   Downloaded clap_derive v4.5.13
2024-11-05T13:20:23.1681015Z   Downloaded clap v4.5.17
2024-11-05T13:20:23.1832218Z   Downloaded cfg_aliases v0.2.1
2024-11-05T13:20:23.1851326Z   Downloaded cc v1.1.19
2024-11-05T13:20:23.1900172Z   Downloaded bytes v1.7.1
2024-11-05T13:20:23.1956560Z   Downloaded bitflags v2.6.0
2024-11-05T13:20:23.2013158Z   Downloaded base64 v0.22.1
2024-11-05T13:20:23.2076319Z   Downloaded backtrace v0.3.71
2024-11-05T13:20:23.2156848Z   Downloaded anyhow v1.0.89
2024-11-05T13:20:23.2217912Z   Downloaded aho-corasick v1.1.3
2024-11-05T13:20:23.2316269Z   Downloaded indexmap v1.9.3
2024-11-05T13:20:23.2366961Z   Downloaded iana-time-zone v0.1.61
2024-11-05T13:20:23.2403493Z   Downloaded hyper-rustls v0.27.3
2024-11-05T13:20:23.2439498Z   Downloaded httparse v1.9.4
2024-11-05T13:20:23.2477614Z   Downloaded futures-io v0.3.30
2024-11-05T13:20:23.2490046Z   Downloaded erased-serde v0.4.5
2024-11-05T13:20:23.2528793Z   Downloaded env_logger v0.9.3
2024-11-05T13:20:23.2565731Z   Downloaded csv-core v0.1.11
2024-11-05T13:20:23.2588501Z   Downloaded cookie v0.18.1
2024-11-05T13:20:23.2628969Z   Downloaded const_format_proc_macros v0.2.33
2024-11-05T13:20:23.2666042Z   Downloaded compact_str v0.7.1
2024-11-05T13:20:23.2713408Z   Downloaded cassowary v0.3.0
2024-11-05T13:20:23.2736563Z   Downloaded cargo_metadata v0.18.1
2024-11-05T13:20:23.2769773Z   Downloaded camino v1.1.9
2024-11-05T13:20:23.2801038Z   Downloaded ring v0.17.8
2024-11-05T13:20:23.4062725Z   Downloaded byteorder v1.5.0
2024-11-05T13:20:23.4086574Z   Downloaded bincode v1.3.3
2024-11-05T13:20:23.4121761Z   Downloaded autocfg v1.3.0
2024-11-05T13:20:23.4147857Z   Downloaded atomic-waker v1.1.2
2024-11-05T13:20:23.4163125Z   Downloaded anstream v0.6.15
2024-11-05T13:20:23.4196665Z   Downloaded allocator-api2 v0.2.18
2024-11-05T13:20:23.4242645Z   Downloaded addr2line v0.21.0
2024-11-05T13:20:23.4274749Z   Downloaded form_urlencoded v1.2.1
2024-11-05T13:20:23.4285127Z   Downloaded fixedbitset v0.4.2
2024-11-05T13:20:23.4304504Z   Downloaded fallible-iterator v0.3.0
2024-11-05T13:20:23.4322576Z   Downloaded deranged v0.3.11
2024-11-05T13:20:23.4340040Z   Downloaded clap_lex v0.7.2
2024-11-05T13:20:23.4355602Z   Downloaded cfg-if v1.0.0
2024-11-05T13:20:23.4369925Z   Downloaded cargo-platform v0.1.8
2024-11-05T13:20:23.4386219Z   Downloaded build_html v2.5.0
2024-11-05T13:20:23.4409754Z   Downloaded anstyle-parse v0.2.5
2024-11-05T13:20:23.4434647Z   Downloaded cargo-license v0.6.1
2024-11-05T13:20:23.4449405Z   Downloaded ahash v0.8.11
2024-11-05T13:20:23.4485772Z   Downloaded c2rust-bitfields-derive v0.18.0
2024-11-05T13:20:23.4495067Z   Downloaded c2rust-bitfields v0.18.0
2024-11-05T13:20:23.4505684Z   Downloaded ansi_term v0.12.1
2024-11-05T13:20:23.4563251Z   Downloaded libsqlite3-sys v0.28.0
2024-11-05T13:20:23.7418443Z    Compiling proc-macro2 v1.0.86
2024-11-05T13:20:23.7418982Z    Compiling unicode-ident v1.0.13
2024-11-05T13:20:23.8076488Z    Compiling libc v0.2.158
2024-11-05T13:20:24.5561798Z    Compiling quote v1.0.37
2024-11-05T13:20:24.7410506Z    Compiling syn v2.0.77
2024-11-05T13:20:25.3688504Z    Compiling autocfg v1.3.0
2024-11-05T13:20:25.6161370Z    Compiling serde v1.0.210
2024-11-05T13:20:25.8508909Z    Compiling cfg-if v1.0.0
2024-11-05T13:20:25.8748353Z    Compiling version_check v0.9.5
2024-11-05T13:20:26.0896063Z    Compiling once_cell v1.19.0
2024-11-05T13:20:26.2449846Z    Compiling getrandom v0.2.15
2024-11-05T13:20:26.3920042Z    Compiling memchr v2.7.4
2024-11-05T13:20:27.2740317Z    Compiling byteorder v1.5.0
2024-11-05T13:20:27.4494142Z    Compiling itoa v1.0.11
2024-11-05T13:20:27.5270246Z    Compiling shlex v1.3.0
2024-11-05T13:20:27.6428481Z    Compiling cc v1.1.19
2024-11-05T13:20:28.7297643Z    Compiling value-bag v1.9.0
2024-11-05T13:20:28.9881533Z    Compiling ahash v0.8.11
2024-11-05T13:20:29.1695716Z    Compiling serde_derive v1.0.210
2024-11-05T13:20:29.1728326Z    Compiling zerocopy-derive v0.7.35
2024-11-05T13:20:30.0978838Z    Compiling zerocopy v0.7.35
2024-11-05T13:20:30.8820789Z    Compiling allocator-api2 v0.2.18
2024-11-05T13:20:31.4460513Z    Compiling pkg-config v0.3.30
2024-11-05T13:20:31.9098636Z    Compiling bitflags v2.6.0
2024-11-05T13:20:32.0615243Z    Compiling vcpkg v0.2.15
2024-11-05T13:20:32.6901926Z    Compiling bytes v1.7.1
2024-11-05T13:20:34.8479738Z    Compiling log v0.4.22
2024-11-05T13:20:35.2062825Z    Compiling hashbrown v0.14.5
2024-11-05T13:20:35.4888183Z    Compiling rustversion v1.0.17
2024-11-05T13:20:35.7553265Z    Compiling ryu v1.0.18
2024-11-05T13:20:35.8759155Z    Compiling pin-project-lite v0.2.14
2024-11-05T13:20:35.9053794Z    Compiling smallvec v1.13.2
2024-11-05T13:20:35.9266935Z    Compiling futures-core v0.3.30
2024-11-05T13:20:36.0724087Z    Compiling slab v0.4.9
2024-11-05T13:20:36.2501755Z    Compiling futures-sink v0.3.30
2024-11-05T13:20:36.3284808Z    Compiling openssl-sys v0.9.103
2024-11-05T13:20:36.5064353Z    Compiling num-traits v0.2.19
2024-11-05T13:20:36.7077932Z    Compiling mio v1.0.2
2024-11-05T13:20:36.9231209Z    Compiling socket2 v0.5.7
2024-11-05T13:20:37.2348047Z    Compiling heck v0.5.0
2024-11-05T13:20:37.3697099Z    Compiling fnv v1.0.7
2024-11-05T13:20:37.4034514Z    Compiling tinyvec_macros v0.1.1
2024-11-05T13:20:37.4277575Z    Compiling serde_json v1.0.128
2024-11-05T13:20:37.5044299Z    Compiling tinyvec v1.8.0
2024-11-05T13:20:37.5986244Z    Compiling http v1.1.0
2024-11-05T13:20:38.2401226Z    Compiling tokio v1.40.0
2024-11-05T13:20:39.2286622Z    Compiling percent-encoding v2.3.1
2024-11-05T13:20:39.3720966Z    Compiling thiserror v1.0.63
2024-11-05T13:20:39.5977690Z    Compiling equivalent v1.0.1
2024-11-05T13:20:39.6264207Z    Compiling indexmap v2.5.0
2024-11-05T13:20:40.9142501Z    Compiling unicode-normalization v0.1.23
2024-11-05T13:20:43.2201516Z    Compiling lock_api v0.4.12
2024-11-05T13:20:43.3902384Z    Compiling unicode-bidi v0.3.15
2024-11-05T13:20:44.3594550Z    Compiling anyhow v1.0.89
2024-11-05T13:20:44.5186435Z    Compiling num-conv v0.1.0
2024-11-05T13:20:44.5957355Z    Compiling futures-io v0.3.30
2024-11-05T13:20:44.5996169Z    Compiling pin-utils v0.1.0
2024-11-05T13:20:44.6243651Z    Compiling time-core v0.1.2
2024-11-05T13:20:44.6717881Z    Compiling powerfmt v0.2.0
2024-11-05T13:20:44.7071710Z    Compiling parking_lot_core v0.9.10
2024-11-05T13:20:44.8144631Z    Compiling futures-task v0.3.30
2024-11-05T13:20:44.9036159Z    Compiling futures-util v0.3.30
2024-11-05T13:20:44.9077036Z    Compiling deranged v0.3.11
2024-11-05T13:20:45.6854220Z    Compiling time-macros v0.2.18
2024-11-05T13:20:46.9348609Z    Compiling thiserror-impl v1.0.63
2024-11-05T13:20:47.4170276Z    Compiling tracing-core v0.1.32
2024-11-05T13:20:48.1606072Z    Compiling openssl v0.10.66
2024-11-05T13:20:48.1680058Z    Compiling foreign-types-shared v0.1.1
2024-11-05T13:20:48.1936411Z    Compiling scopeguard v1.2.0
2024-11-05T13:20:48.3542358Z    Compiling utf8parse v0.2.2
2024-11-05T13:20:48.4421673Z    Compiling httparse v1.9.4
2024-11-05T13:20:48.7410248Z    Compiling time v0.3.36
2024-11-05T13:20:48.7553365Z    Compiling anstyle-parse v0.2.5
2024-11-05T13:20:49.0185209Z    Compiling foreign-types v0.3.2
2024-11-05T13:20:49.0448177Z    Compiling tracing v0.1.40
2024-11-05T13:20:49.5406266Z    Compiling tokio-util v0.7.12
2024-11-05T13:20:50.1778605Z    Compiling form_urlencoded v1.2.1
2024-11-05T13:20:51.1461500Z    Compiling http-body v1.0.1
2024-11-05T13:20:51.2199410Z    Compiling openssl-macros v0.1.1
2024-11-05T13:20:51.6772245Z    Compiling pin-project-internal v1.1.5
2024-11-05T13:20:52.2126792Z    Compiling memoffset v0.9.1
2024-11-05T13:20:52.4146947Z    Compiling native-tls v0.2.12
2024-11-05T13:20:52.5796718Z    Compiling camino v1.1.9
2024-11-05T13:20:52.9043566Z    Compiling colorchoice v1.0.2
2024-11-05T13:20:52.9097804Z    Compiling is_terminal_polyfill v1.70.1
2024-11-05T13:20:52.9474650Z    Compiling anstyle-query v1.1.1
2024-11-05T13:20:53.0097680Z    Compiling regex-syntax v0.8.4
2024-11-05T13:20:53.1509669Z    Compiling atomic-waker v1.1.2
2024-11-05T13:20:53.2026822Z    Compiling semver v1.0.23
2024-11-05T13:20:53.4126125Z    Compiling try-lock v0.2.5
2024-11-05T13:20:53.4545094Z    Compiling cfg_aliases v0.2.1
2024-11-05T13:20:53.4830567Z    Compiling signal-hook v0.3.17
2024-11-05T13:20:54.1212086Z    Compiling anstyle v1.0.8
2024-11-05T13:20:54.2590114Z    Compiling anstream v0.6.15
2024-11-05T13:20:54.9791642Z    Compiling nix v0.29.0
2024-11-05T13:20:55.3168425Z    Compiling want v0.3.1
2024-11-05T13:20:55.4180829Z    Compiling h2 v0.4.6
2024-11-05T13:20:58.1453576Z    Compiling pin-project v1.1.5
2024-11-05T13:21:00.6014861Z    Compiling parking_lot v0.12.3
2024-11-05T13:21:01.5051534Z    Compiling idna v0.3.0
2024-11-05T13:21:02.6498190Z    Compiling idna v0.5.0
2024-11-05T13:21:02.9113630Z    Compiling clap_derive v4.5.13
2024-11-05T13:21:03.8102416Z    Compiling futures-channel v0.3.30
2024-11-05T13:21:03.9733329Z    Compiling toml_datetime v0.6.8
2024-11-05T13:21:04.1194857Z    Compiling serde_spanned v0.6.7
2024-11-05T13:21:04.1824498Z    Compiling aho-corasick v1.1.3
2024-11-05T13:21:04.8497711Z    Compiling rand_core v0.6.4
2024-11-05T13:21:05.0110204Z    Compiling cookie v0.18.1
2024-11-05T13:21:05.1814939Z    Compiling signal-hook-registry v1.4.2
2024-11-05T13:21:05.6527381Z    Compiling syn v1.0.109
2024-11-05T13:21:05.8963647Z    Compiling tower-layer v0.3.3
2024-11-05T13:21:06.0081098Z    Compiling tower-service v0.3.3
2024-11-05T13:21:06.0411587Z    Compiling openssl-probe v0.1.5
2024-11-05T13:21:06.1971841Z    Compiling psl-types v2.0.11
2024-11-05T13:21:06.2595306Z    Compiling typeid v1.0.2
2024-11-05T13:21:06.4701785Z    Compiling either v1.13.0
2024-11-05T13:21:06.6169260Z    Compiling unicode-width v0.1.13
2024-11-05T13:21:06.6979093Z    Compiling strsim v0.11.1
2024-11-05T13:21:06.9307460Z    Compiling clap_lex v0.7.2
2024-11-05T13:21:07.0674543Z    Compiling winnow v0.6.18
2024-11-05T13:21:08.3222037Z    Compiling clap_builder v4.5.17
2024-11-05T13:21:08.5465484Z    Compiling toml_edit v0.22.21
2024-11-05T13:21:10.9200498Z    Compiling publicsuffix v2.2.3
2024-11-05T13:21:11.2250672Z    Compiling tower v0.4.13
2024-11-05T13:21:11.5559999Z    Compiling regex-automata v0.4.7
2024-11-05T13:21:12.0936650Z    Compiling hyper v1.4.1
2024-11-05T13:21:14.5817200Z    Compiling url v2.5.2
2024-11-05T13:21:17.6248465Z    Compiling csv-core v0.1.11
2024-11-05T13:21:17.8309180Z    Compiling cargo-platform v0.1.8
2024-11-05T13:21:17.9932171Z    Compiling mio v0.8.11
2024-11-05T13:21:18.5246158Z    Compiling backtrace v0.3.71
2024-11-05T13:21:18.7842522Z    Compiling cookie v0.17.0
2024-11-05T13:21:19.2062023Z    Compiling sdd v3.0.3
2024-11-05T13:21:19.5837816Z    Compiling unicode-segmentation v1.12.0
2024-11-05T13:21:20.0288538Z    Compiling gimli v0.28.1
2024-11-05T13:21:20.2026425Z    Compiling adler v1.0.2
2024-11-05T13:21:20.2871739Z    Compiling paste v1.0.15
2024-11-05T13:21:20.4979728Z    Compiling static_assertions v1.1.0
2024-11-05T13:21:20.7998666Z    Compiling spdx v0.10.6
2024-11-05T13:21:21.1532325Z    Compiling itertools v0.12.1
2024-11-05T13:21:22.3519728Z    Compiling addr2line v0.21.0
2024-11-05T13:21:22.4890821Z    Compiling miniz_oxide v0.7.4
2024-11-05T13:21:22.7295998Z    Compiling getopts v0.2.21
2024-11-05T13:21:23.3578515Z    Compiling scc v2.1.17
2024-11-05T13:21:23.5951721Z    Compiling signal-hook-mio v0.2.4
2024-11-05T13:21:23.6466544Z    Compiling cargo_metadata v0.18.1
2024-11-05T13:21:24.8551683Z    Compiling csv v1.3.0
2024-11-05T13:21:25.2936650Z    Compiling regex v1.10.6
2024-11-05T13:21:26.0469833Z    Compiling hyper-util v0.1.8
2024-11-05T13:21:28.4339676Z    Compiling tokio-native-tls v0.3.1
2024-11-05T13:21:28.5660440Z    Compiling toml v0.8.19
2024-11-05T13:21:29.0785150Z    Compiling clap v4.5.17
2024-11-05T13:21:29.1090334Z    Compiling itertools v0.13.0
2024-11-05T13:21:30.1403302Z    Compiling http-body-util v0.1.2
2024-11-05T13:21:30.3343979Z    Compiling num-integer v0.1.46
2024-11-05T13:21:30.6503177Z    Compiling strum_macros v0.26.4
2024-11-05T13:21:30.9898214Z    Compiling libafl_bolts v0.13.2
2024-11-05T13:21:31.1441897Z    Compiling castaway v0.2.3
2024-11-05T13:21:31.1923377Z    Compiling libsqlite3-sys v0.28.0
2024-11-05T13:21:31.5668094Z    Compiling ppv-lite86 v0.2.20
2024-11-05T13:21:31.8684849Z    Compiling serial_test_derive v3.1.1
2024-11-05T13:21:32.5245686Z    Compiling num_enum_derive v0.7.3
2024-11-05T13:21:32.5979219Z    Compiling object v0.32.2
2024-11-05T13:21:33.5509164Z    Compiling indexmap v1.9.3
2024-11-05T13:21:33.7238357Z    Compiling rustls-pki-types v1.8.0
2024-11-05T13:21:34.0429714Z    Compiling base64 v0.22.1
2024-11-05T13:21:34.4036231Z    Compiling cobs v0.2.3
2024-11-05T13:21:34.5166118Z    Compiling unicode-xid v0.2.5
2024-11-05T13:21:34.5633137Z    Compiling rustc-demangle v0.1.21
2024-11-05T13:21:35.2081142Z    Compiling libm v0.2.8
2024-11-05T13:21:35.3709068Z    Compiling ansi_term v0.12.1
2024-11-05T13:21:35.5200008Z    Compiling portable-atomic v1.7.0
2024-11-05T13:21:35.8852858Z    Compiling rustix v0.38.37
2024-11-05T13:21:35.8887020Z    Compiling typewit_proc_macros v1.8.1
2024-11-05T13:21:36.1142800Z    Compiling typewit v1.9.0
2024-11-05T13:21:36.2654986Z    Compiling cargo-license v0.6.1
2024-11-05T13:21:36.7263923Z    Compiling const_format_proc_macros v0.2.33
2024-11-05T13:21:37.4948568Z    Compiling postcard v1.0.10
2024-11-05T13:21:37.7437939Z    Compiling rustls-pemfile v2.1.3
2024-11-05T13:21:37.9784673Z    Compiling num_enum v0.7.3
2024-11-05T13:21:38.0198421Z    Compiling strum v0.26.3
2024-11-05T13:21:38.0681193Z    Compiling serial_test v3.1.1
2024-11-05T13:21:38.8736596Z    Compiling rand_chacha v0.3.1
2024-11-05T13:21:40.0171858Z    Compiling compact_str v0.7.1
2024-11-05T13:21:40.4939736Z    Compiling c2rust-bitfields-derive v0.18.0
2024-11-05T13:21:41.1229343Z    Compiling hyper-tls v0.6.0
2024-11-05T13:21:41.2630808Z    Compiling unicode-truncate v1.1.0
2024-11-05T13:21:41.3482896Z    Compiling erased-serde v0.4.5
2024-11-05T13:21:41.8466135Z    Compiling cookie_store v0.21.0
2024-11-05T13:21:43.2523028Z    Compiling crossterm v0.27.0
2024-11-05T13:21:47.8314263Z    Compiling serde_urlencoded v0.7.1
2024-11-05T13:21:48.1063100Z    Compiling libafl v0.13.2
2024-11-05T13:21:48.2907712Z    Compiling sync_wrapper v1.0.1
2024-11-05T13:21:48.3379340Z    Compiling lru v0.12.4
2024-11-05T13:21:48.4756348Z    Compiling uuid v1.10.0
2024-11-05T13:21:48.9058874Z    Compiling libafl_derive v0.13.2
2024-11-05T13:21:49.3632600Z    Compiling stability v0.2.1
2024-11-05T13:21:50.0904195Z    Compiling ctor v0.2.8
2024-11-05T13:21:51.1654451Z    Compiling typed-builder-macro v0.18.2
2024-11-05T13:21:52.6273458Z    Compiling hostname v0.4.0
2024-11-05T13:21:52.7208650Z    Compiling encoding_rs v0.8.34
2024-11-05T13:21:56.0588557Z    Compiling uds v0.4.2
2024-11-05T13:21:57.1651743Z    Compiling mime v0.3.17
2024-11-05T13:21:57.4723876Z    Compiling tuple_list v0.1.3
2024-11-05T13:21:57.5619655Z    Compiling linux-raw-sys v0.4.14
2024-11-05T13:21:57.8805977Z    Compiling lazy_static v1.5.0
2024-11-05T13:21:57.9166872Z    Compiling linked-hash-map v0.5.6
2024-11-05T13:21:58.0448976Z    Compiling xxhash-rust v0.8.12
2024-11-05T13:21:58.5303332Z    Compiling hashbrown v0.12.3
2024-11-05T13:21:59.0350809Z    Compiling cassowary v0.3.0
2024-11-05T13:21:59.9987788Z    Compiling ipnet v2.10.0
2024-11-05T13:22:00.7846134Z    Compiling reqwest v0.12.7
2024-11-05T13:22:11.6002659Z    Compiling ratatui v0.26.3
2024-11-05T13:22:29.3539830Z    Compiling yaml-rust v0.4.5
2024-11-05T13:22:31.5655624Z    Compiling console v0.15.8
2024-11-05T13:22:34.7426530Z    Compiling typed-builder v0.18.2
2024-11-05T13:22:35.2325089Z    Compiling cookie_store v0.20.0
2024-11-05T13:22:36.5989823Z    Compiling c2rust-bitfields v0.18.0
2024-11-05T13:22:36.6856302Z    Compiling rand v0.8.5
2024-11-05T13:22:37.3419702Z    Compiling const_format v0.2.33
2024-11-05T13:22:38.2807488Z    Compiling wuppiefuzz v1.1.0 (/home/michiel/actions-runner/_work/WuppieFuzzCICD/WuppieFuzzCICD/wuppiefuzz)
2024-11-05T13:22:38.6491393Z    Compiling const_panic v0.2.9
2024-11-05T13:22:39.5116469Z    Compiling num-iter v0.1.45
2024-11-05T13:22:39.5678975Z    Compiling num-rational v0.4.2
2024-11-05T13:22:40.0612399Z    Compiling env_filter v0.1.2
2024-11-05T13:22:40.2869784Z    Compiling meminterval v0.4.1
2024-11-05T13:22:40.4606724Z    Compiling num-complex v0.4.6
2024-11-05T13:22:40.6292884Z    Compiling hashlink v0.9.1
2024-11-05T13:22:40.8172430Z    Compiling kv-log-macro v1.0.7
2024-11-05T13:22:40.8868681Z    Compiling env_logger v0.9.3
2024-11-05T13:22:40.9176656Z    Compiling bincode v1.3.3
2024-11-05T13:22:41.2892799Z    Compiling wait-timeout v0.2.0
2024-11-05T13:22:41.5815907Z    Compiling fallible-streaming-iterator v0.1.9
2024-11-05T13:22:41.6693613Z    Compiling number_prefix v0.4.0
2024-11-05T13:22:41.7401653Z    Compiling fallible-iterator v0.3.0
2024-11-05T13:22:41.7651195Z    Compiling fixedbitset v0.4.2
2024-11-05T13:22:41.9621943Z    Compiling fastrand v2.1.1
2024-11-05T13:22:42.0288547Z    Compiling iana-time-zone v0.1.61
2024-11-05T13:22:42.1509245Z    Compiling same-file v1.0.6
2024-11-05T13:22:42.2255327Z    Compiling humantime v2.1.0
2024-11-05T13:22:42.3594186Z    Compiling env_logger v0.11.5
2024-11-05T13:22:42.4549153Z    Compiling walkdir v2.5.0
2024-11-05T13:22:42.8835668Z    Compiling chrono v0.4.38
2024-11-05T13:22:43.0244901Z    Compiling tempfile v3.12.0
2024-11-05T13:22:43.5111780Z    Compiling rusqlite v0.31.0
2024-11-05T13:22:45.0846372Z    Compiling petgraph v0.6.5
2024-11-05T13:22:45.4747429Z    Compiling indicatif v0.17.8
2024-11-05T13:22:47.0676022Z    Compiling json_env_logger2 v0.2.1
2024-11-05T13:22:47.2588069Z    Compiling num v0.4.3
2024-11-05T13:22:54.9060579Z    Compiling rand_regex v0.17.0
2024-11-05T13:22:55.5166475Z    Compiling reqwest_cookie_store v0.7.0
2024-11-05T13:22:55.7954386Z    Compiling openapiv3-extended v6.0.0
2024-11-05T13:23:02.8692864Z    Compiling lcov v0.8.1
2024-11-05T13:23:04.8821304Z    Compiling serde_yaml v0.8.26
2024-11-05T13:23:08.0528266Z    Compiling ctrlc v3.4.5
2024-11-05T13:23:08.1571260Z    Compiling porter-stemmer v0.1.2
2024-11-05T13:23:08.8628538Z    Compiling num-derive v0.4.2
2024-11-05T13:23:09.9321430Z    Compiling urlencoding v2.1.3
2024-11-05T13:23:10.0877223Z    Compiling cesu8 v1.1.0
2024-11-05T13:23:10.2586500Z    Compiling iter-read v1.1.0
2024-11-05T13:23:10.3630491Z    Compiling build_html v2.5.0
2024-11-05T13:26:04.6941739Z     Finished `release` profile [optimized + debuginfo] target(s) in 5m 46s
2024-11-05T13:26:05.8366132Z ##[group]Run actions/upload-artifact@v4
2024-11-05T13:26:05.8368452Z with:
2024-11-05T13:26:05.8369853Z   name: wuppiefuzz-binary
2024-11-05T13:26:05.8373341Z   path: /home/michiel/actions-runner/_work/WuppieFuzzCICD/WuppieFuzzCICD/wuppiefuzz/target/release/wuppiefuzz
2024-11-05T13:26:05.8376084Z   if-no-files-found: error
2024-11-05T13:26:05.8377487Z   compression-level: 6
2024-11-05T13:26:05.8380475Z   overwrite: false
2024-11-05T13:26:05.8382752Z   include-hidden-files: false
2024-11-05T13:26:05.8384452Z env:
2024-11-05T13:26:05.8385636Z   DOCKER_NETWORK_NAME: cicd_network
2024-11-05T13:26:05.8386944Z   VAMPI_RESTLER_PORT: 5003
2024-11-05T13:26:05.8387457Z   VAMPI_WUPPIEFUZZ_PORT: 5002
2024-11-05T13:26:05.8388951Z   BASE_DIR: /home/michiel/actions-runner/_work/WuppieFuzzCICD/WuppieFuzzCICD
2024-11-05T13:26:05.8390412Z   HOME: /home/michiel/actions-runner/_work/_temp/home
2024-11-05T13:26:05.8391692Z ##[endgroup]
2024-11-05T13:26:06.1921885Z With the provided path, there will be 1 file uploaded
2024-11-05T13:26:06.1934065Z Artifact name is valid!
2024-11-05T13:26:06.1935362Z Root directory input is valid!
2024-11-05T13:26:06.6383808Z Beginning upload of artifact content to blob storage
2024-11-05T13:26:08.7652677Z Uploaded bytes 8388608
2024-11-05T13:26:09.4507287Z Uploaded bytes 16777216
2024-11-05T13:26:09.9423345Z Uploaded bytes 25165824
2024-11-05T13:26:10.1285680Z Uploaded bytes 25296005
2024-11-05T13:26:10.2311029Z Finished uploading artifact content to blob storage!
2024-11-05T13:26:10.2314435Z SHA256 hash of uploaded artifact zip is f6f06d2f52b1f2da56ab044098b94e714b38f7bf53a4d42a89f7b83fa97868cb
2024-11-05T13:26:10.2318940Z Finalizing artifact upload
2024-11-05T13:26:10.4068520Z Artifact wuppiefuzz-binary.zip successfully finalized. Artifact ID 2146687359
2024-11-05T13:26:10.4071084Z Artifact wuppiefuzz-binary has been successfully uploaded! Final size is 25296005 bytes. Artifact ID is 2146687359
2024-11-05T13:26:10.4080250Z Artifact download URL: https://github.com/silv3rshi3ld/WuppieFuzzCICD/actions/runs/11685004692/artifacts/2146687359
2024-11-05T13:26:10.5653808Z Post job cleanup.
2024-11-05T13:26:10.7349335Z [command]/usr/bin/tar --posix -cf cache.tzst --exclude cache.tzst -P -C /home/michiel/actions-runner/_work/WuppieFuzzCICD/WuppieFuzzCICD --files-from manifest.txt --use-compress-program zstdmt
2024-11-05T13:26:39.8976725Z Cache Size: ~337 MB (352957571 B)
2024-11-05T13:26:40.3277913Z Cache saved successfully
2024-11-05T13:26:40.3738754Z Cache saved with key: wuppiefuzz-target-46b3be30835843594abac02bb34af0b541170481d51b514067375a74c9c9eb28
2024-11-05T13:26:40.4798487Z Post job cleanup.
2024-11-05T13:26:40.6420802Z [warning]Path Validation Error: Path(s) specified in the action for caching do(es) not exist, hence no cache is being saved.
2024-11-05T13:26:40.6630330Z Post job cleanup.
2024-11-05T13:26:40.7799226Z [command]/usr/bin/git version
2024-11-05T13:26:40.7874164Z git version 2.34.1
2024-11-05T13:26:40.7933487Z Temporarily overriding HOME='/home/michiel/actions-runner/_work/_temp/8d5951ad-51e0-456e-ac62-105cf5a8c0d8' before making global git config changes
2024-11-05T13:26:40.7934914Z Adding repository directory to the temporary git global config as a safe directory
2024-11-05T13:26:40.7942740Z [command]/usr/bin/git config --global --add safe.directory /home/michiel/actions-runner/_work/WuppieFuzzCICD/WuppieFuzzCICD/wuppiefuzz
2024-11-05T13:26:40.7996688Z [command]/usr/bin/git config --local --name-only --get-regexp core\.sshCommand
2024-11-05T13:26:40.8045742Z [command]/usr/bin/git submodule foreach --recursive sh -c "git config --local --name-only --get-regexp 'core\.sshCommand' && git config --local --unset-all 'core.sshCommand' || :"
2024-11-05T13:26:40.8333166Z [command]/usr/bin/git config --local --name-only --get-regexp http\.https\:\/\/github\.com\/\.extraheader
2024-11-05T13:26:40.8355077Z http.https://github.com/.extraheader
2024-11-05T13:26:40.8373928Z [command]/usr/bin/git config --local --unset-all http.https://github.com/.extraheader
2024-11-05T13:26:40.8413771Z [command]/usr/bin/git submodule foreach --recursive sh -c "git config --local --name-only --get-regexp 'http\.https\:\/\/github\.com\/\.extraheader' && git config --local --unset-all 'http.https://github.com/.extraheader' || :"
2024-11-05T13:26:40.9015482Z Cleaning up orphan processes
